Archive member included to satisfy reference by file (symbol)

d:/gnu-mcu-eclipse-riscv-none-gcc-8.2.0-2.2-20190521-0004-win64/bin/../lib/gcc/riscv-none-embed/8.2.0/../../../../riscv-none-embed/lib/rv32im/ilp32\libg.a(lib_a-vsnprintf.o)
                              ./bsp/apb_uart.o (vsnprintf)
d:/gnu-mcu-eclipse-riscv-none-gcc-8.2.0-2.2-20190521-0004-win64/bin/../lib/gcc/riscv-none-embed/8.2.0/../../../../riscv-none-embed/lib/rv32im/ilp32\libg.a(lib_a-impure.o)
                              d:/gnu-mcu-eclipse-riscv-none-gcc-8.2.0-2.2-20190521-0004-win64/bin/../lib/gcc/riscv-none-embed/8.2.0/../../../../riscv-none-embed/lib/rv32im/ilp32\libg.a(lib_a-vsnprintf.o) (_impure_ptr)
d:/gnu-mcu-eclipse-riscv-none-gcc-8.2.0-2.2-20190521-0004-win64/bin/../lib/gcc/riscv-none-embed/8.2.0/../../../../riscv-none-embed/lib/rv32im/ilp32\libg.a(lib_a-svfprintf.o)
                              d:/gnu-mcu-eclipse-riscv-none-gcc-8.2.0-2.2-20190521-0004-win64/bin/../lib/gcc/riscv-none-embed/8.2.0/../../../../riscv-none-embed/lib/rv32im/ilp32\libg.a(lib_a-vsnprintf.o) (_svfprintf_r)
d:/gnu-mcu-eclipse-riscv-none-gcc-8.2.0-2.2-20190521-0004-win64/bin/../lib/gcc/riscv-none-embed/8.2.0/../../../../riscv-none-embed/lib/rv32im/ilp32\libg.a(lib_a-freer.o)
                              d:/gnu-mcu-eclipse-riscv-none-gcc-8.2.0-2.2-20190521-0004-win64/bin/../lib/gcc/riscv-none-embed/8.2.0/../../../../riscv-none-embed/lib/rv32im/ilp32\libg.a(lib_a-svfprintf.o) (_free_r)
d:/gnu-mcu-eclipse-riscv-none-gcc-8.2.0-2.2-20190521-0004-win64/bin/../lib/gcc/riscv-none-embed/8.2.0/../../../../riscv-none-embed/lib/rv32im/ilp32\libg.a(lib_a-ldtoa.o)
                              d:/gnu-mcu-eclipse-riscv-none-gcc-8.2.0-2.2-20190521-0004-win64/bin/../lib/gcc/riscv-none-embed/8.2.0/../../../../riscv-none-embed/lib/rv32im/ilp32\libg.a(lib_a-svfprintf.o) (_ldtoa_r)
d:/gnu-mcu-eclipse-riscv-none-gcc-8.2.0-2.2-20190521-0004-win64/bin/../lib/gcc/riscv-none-embed/8.2.0/../../../../riscv-none-embed/lib/rv32im/ilp32\libg.a(lib_a-localeconv.o)
                              d:/gnu-mcu-eclipse-riscv-none-gcc-8.2.0-2.2-20190521-0004-win64/bin/../lib/gcc/riscv-none-embed/8.2.0/../../../../riscv-none-embed/lib/rv32im/ilp32\libg.a(lib_a-svfprintf.o) (_localeconv_r)
d:/gnu-mcu-eclipse-riscv-none-gcc-8.2.0-2.2-20190521-0004-win64/bin/../lib/gcc/riscv-none-embed/8.2.0/../../../../riscv-none-embed/lib/rv32im/ilp32\libg.a(lib_a-mallocr.o)
                              d:/gnu-mcu-eclipse-riscv-none-gcc-8.2.0-2.2-20190521-0004-win64/bin/../lib/gcc/riscv-none-embed/8.2.0/../../../../riscv-none-embed/lib/rv32im/ilp32\libg.a(lib_a-svfprintf.o) (_malloc_r)
d:/gnu-mcu-eclipse-riscv-none-gcc-8.2.0-2.2-20190521-0004-win64/bin/../lib/gcc/riscv-none-embed/8.2.0/../../../../riscv-none-embed/lib/rv32im/ilp32\libg.a(lib_a-memchr.o)
                              d:/gnu-mcu-eclipse-riscv-none-gcc-8.2.0-2.2-20190521-0004-win64/bin/../lib/gcc/riscv-none-embed/8.2.0/../../../../riscv-none-embed/lib/rv32im/ilp32\libg.a(lib_a-svfprintf.o) (memchr)
d:/gnu-mcu-eclipse-riscv-none-gcc-8.2.0-2.2-20190521-0004-win64/bin/../lib/gcc/riscv-none-embed/8.2.0/../../../../riscv-none-embed/lib/rv32im/ilp32\libg.a(lib_a-mlock.o)
                              d:/gnu-mcu-eclipse-riscv-none-gcc-8.2.0-2.2-20190521-0004-win64/bin/../lib/gcc/riscv-none-embed/8.2.0/../../../../riscv-none-embed/lib/rv32im/ilp32\libg.a(lib_a-freer.o) (__malloc_lock)
d:/gnu-mcu-eclipse-riscv-none-gcc-8.2.0-2.2-20190521-0004-win64/bin/../lib/gcc/riscv-none-embed/8.2.0/../../../../riscv-none-embed/lib/rv32im/ilp32\libg.a(lib_a-mprec.o)
                              d:/gnu-mcu-eclipse-riscv-none-gcc-8.2.0-2.2-20190521-0004-win64/bin/../lib/gcc/riscv-none-embed/8.2.0/../../../../riscv-none-embed/lib/rv32im/ilp32\libg.a(lib_a-ldtoa.o) (_Balloc)
d:/gnu-mcu-eclipse-riscv-none-gcc-8.2.0-2.2-20190521-0004-win64/bin/../lib/gcc/riscv-none-embed/8.2.0/../../../../riscv-none-embed/lib/rv32im/ilp32\libg.a(lib_a-s_frexp.o)
                              d:/gnu-mcu-eclipse-riscv-none-gcc-8.2.0-2.2-20190521-0004-win64/bin/../lib/gcc/riscv-none-embed/8.2.0/../../../../riscv-none-embed/lib/rv32im/ilp32\libg.a(lib_a-svfprintf.o) (frexp)
d:/gnu-mcu-eclipse-riscv-none-gcc-8.2.0-2.2-20190521-0004-win64/bin/../lib/gcc/riscv-none-embed/8.2.0/../../../../riscv-none-embed/lib/rv32im/ilp32\libg.a(lib_a-sbrkr.o)
                              d:/gnu-mcu-eclipse-riscv-none-gcc-8.2.0-2.2-20190521-0004-win64/bin/../lib/gcc/riscv-none-embed/8.2.0/../../../../riscv-none-embed/lib/rv32im/ilp32\libg.a(lib_a-freer.o) (_sbrk_r)
d:/gnu-mcu-eclipse-riscv-none-gcc-8.2.0-2.2-20190521-0004-win64/bin/../lib/gcc/riscv-none-embed/8.2.0/../../../../riscv-none-embed/lib/rv32im/ilp32\libg.a(lib_a-sprintf.o)
                              d:/gnu-mcu-eclipse-riscv-none-gcc-8.2.0-2.2-20190521-0004-win64/bin/../lib/gcc/riscv-none-embed/8.2.0/../../../../riscv-none-embed/lib/rv32im/ilp32\libg.a(lib_a-ldtoa.o) (sprintf)
[...]
Memory Configuration

Name             Origin             Length             Attributes
flash            0x0000000000000800 0x0000000000007800 axw !rl
ram              0x0000000010000000 0x0000000000008000 axw !rl
*default*        0x0000000000000000 0xffffffffffffffff

Linker script and memory map

LOAD ./bsp/apb_gpio.o
LOAD ./bsp/apb_i2c.o
LOAD ./bsp/apb_timer.o
LOAD ./bsp/apb_uart.o
LOAD ./bsp/clint.o
LOAD ./bsp/init.o
LOAD ./bsp/plic.o
LOAD ./bsp/start.o
LOAD ./bsp/trap_entry.o
LOAD ./bsp/trap_handler.o
LOAD ./bsp/utils.o
LOAD ./bsp/xprintf.o
LOAD ./main.o
LOAD d:/gnu-mcu-eclipse-riscv-none-gcc-8.2.0-2.2-20190521-0004-win64/bin/../lib/gcc/riscv-none-embed/8.2.0/rv32im/ilp32\libgcc.a
START GROUP
LOAD d:/gnu-mcu-eclipse-riscv-none-gcc-8.2.0-2.2-20190521-0004-win64/bin/../lib/gcc/riscv-none-embed/8.2.0/rv32im/ilp32\libgcc.a
LOAD d:/gnu-mcu-eclipse-riscv-none-gcc-8.2.0-2.2-20190521-0004-win64/bin/../lib/gcc/riscv-none-embed/8.2.0/../../../../riscv-none-embed/lib/rv32im/ilp32\libg.a
LOAD d:/gnu-mcu-eclipse-riscv-none-gcc-8.2.0-2.2-20190521-0004-win64/bin/../lib/gcc/riscv-none-embed/8.2.0/../../../../riscv-none-embed/lib/rv32im/ilp32\libc.a
END GROUP
LOAD d:/gnu-mcu-eclipse-riscv-none-gcc-8.2.0-2.2-20190521-0004-win64/bin/../lib/gcc/riscv-none-embed/8.2.0/rv32im/ilp32\libgcc.a
                0x0000000000002000                __stack_size = DEFINED (__stack_size)?__stack_size:0x2000

.init           0x0000000000000800       0x60
 *(SORT_NONE(.init))
 .init          0x0000000000000800       0x60 ./bsp/start.o
                0x0000000000000800                _start

.text           0x0000000000000860      0xbf0
 *(.text.unlikely .text.unlikely.*)
 *(.text.startup .text.startup.*)
 *(.text .text.*)
 .text.apb_gpio_init
                0x0000000000000860       0x30 ./bsp/apb_gpio.o
                0x0000000000000860                apb_gpio_init
 .text.apb_gpio_write_pin
                0x0000000000000890       0x48 ./bsp/apb_gpio.o
                0x0000000000000890                apb_gpio_write_pin
 .text.apb_gpio_set_direction
                0x00000000000008d8       0x40 ./bsp/apb_gpio.o
                0x00000000000008d8                apb_gpio_set_direction
 .text.init_apb_timer
                0x0000000000000918      0x184 ./bsp/apb_timer.o
                0x0000000000000918                init_apb_timer
 .text.apb_timer_get_itr_status
                0x0000000000000a9c       0x34 ./bsp/apb_timer.o
                0x0000000000000a9c                apb_timer_get_itr_status
 .text.apb_timer_clear_itr_flag
                0x0000000000000ad0       0x2c ./bsp/apb_timer.o
                0x0000000000000ad0                apb_timer_clear_itr_flag
 .text.apb_timer_set_cmp
                0x0000000000000afc       0x84 ./bsp/apb_timer.o
                0x0000000000000afc                apb_timer_set_cmp
 .text.apb_uart_init
                0x0000000000000b80       0x38 ./bsp/apb_uart.o
                0x0000000000000b80                apb_uart_init
 .text.apb_uart_send_byte
                0x0000000000000bb8       0xa4 ./bsp/apb_uart.o
                0x0000000000000bb8                apb_uart_send_byte
 .text.pre_init
                0x0000000000000c5c       0x34 ./bsp/init.o
                0x0000000000000c5c                pre_init
 .text.plic_init
                0x0000000000000c90       0x30 ./bsp/plic.o
                0x0000000000000c90                plic_init
 .text.plic_set_threshold
                0x0000000000000cc0       0x60 ./bsp/plic.o
                0x0000000000000cc0                plic_set_threshold
 .text.plic_enable_interrupt
                0x0000000000000d20       0xa4 ./bsp/plic.o
                0x0000000000000d20                plic_enable_interrupt
 .text.plic_set_priority
                0x0000000000000dc4       0x4c ./bsp/plic.o
                0x0000000000000dc4                plic_set_priority
 .text.plic_claim_interrupt
                0x0000000000000e10       0x5c ./bsp/plic.o
                0x0000000000000e10                plic_claim_interrupt
 .text.plic_complete_interrupt
                0x0000000000000e6c       0x64 ./bsp/plic.o
                0x0000000000000e6c                plic_complete_interrupt
 .text.entry    0x0000000000000ed0      0x128 ./bsp/trap_entry.o
                0x0000000000000ed0                trap_entry
 .text.trap_handler
                0x0000000000000ff8       0x80 ./bsp/trap_handler.o
                0x0000000000000ff8                trap_handler
 .text.serr_handler
                0x0000000000001078       0x18 ./bsp/trap_handler.o
                0x0000000000001078                serr_handler
 .text.get_cycle_value
                0x0000000000001090       0x70 ./bsp/utils.o
                0x0000000000001090                get_cycle_value
 .text.busy_wait
                0x0000000000001100       0xb8 ./bsp/utils.o
                0x0000000000001100                busy_wait
 .text.ext_irq_handler
                0x00000000000011b8       0x54 ./main.o
                0x00000000000011b8                ext_irq_handler
 .text.timer0_itr_handler
                0x000000000000120c       0x50 ./main.o
 .text.uart_putc
                0x000000000000125c       0x3c ./main.o
 .text.main     0x0000000000001298      0x1b8 ./main.o
                0x0000000000001298                main
 *(.gnu.linkonce.t.*)

.rela.dyn       0x0000000000001450        0x0
 .rela.init     0x0000000000001450        0x0 ./bsp/apb_gpio.o
 .rela.text.trap_handler
                0x0000000000001450        0x0 ./bsp/apb_gpio.o
 .rela.text.main
                0x0000000000001450        0x0 ./bsp/apb_gpio.o
                0x0000000000001450                . = ALIGN (0x4)
                [!provide]                        PROVIDE (__etext = .)
                [!provide]                        PROVIDE (_etext = .)
                [!provide]                        PROVIDE (etext = .)

.preinit_array  0x0000000000001450        0x0
                [!provide]                        PROVIDE (__preinit_array_start = .)
 *(.preinit_array)
                [!provide]                        PROVIDE (__preinit_array_end = .)

.init_array     0x0000000000001450        0x0
                [!provide]                        PROVIDE (__init_array_start = .)
 *(SORT_BY_INIT_PRIORITY(.init_array.*) SORT_BY_INIT_PRIORITY(.ctors.*))
 *(.init_array EXCLUDE_FILE(*crtend?.o *crtend.o *crtbegin?.o *crtbegin.o) .ctors)
                [!provide]                        PROVIDE (__init_array_end = .)

.fini_array     0x0000000000001450        0x0
                [!provide]                        PROVIDE (__fini_array_start = .)
 *(SORT_BY_INIT_PRIORITY(.fini_array.*) SORT_BY_INIT_PRIORITY(.dtors.*))
 *(.fini_array EXCLUDE_FILE(*crtend?.o *crtend.o *crtbegin?.o *crtbegin.o) .dtors)
                [!provide]                        PROVIDE (__fini_array_end = .)

.ctors
 *crtbegin.o(.ctors)
 *crtbegin?.o(.ctors)
 *(EXCLUDE_FILE(*crtend?.o *crtend.o) .ctors)
 *(SORT_BY_NAME(.ctors.*))
 *(.ctors)

.dtors
 *crtbegin.o(.dtors)
 *crtbegin?.o(.dtors)
 *(EXCLUDE_FILE(*crtend?.o *crtend.o) .dtors)
 *(SORT_BY_NAME(.dtors.*))
 *(.dtors)

.lalign         0x0000000000001450        0x0
                0x0000000000001450                . = ALIGN (0x4)
                0x0000000000001450                PROVIDE (_data_lma = .)

.dalign         0x0000000010000000        0x0 load address 0x0000000000001450
                0x0000000010000000                . = ALIGN (0x4)
                0x0000000010000000                PROVIDE (_data = .)

.data           0x0000000010000000        0x8 load address 0x0000000000001450
 *(.rdata)
 *(.rodata .rodata.*)
 *(.gnu.linkonce.r.*)
 *(.data .data.*)
 *(.gnu.linkonce.d.*)
                0x0000000010000000                . = ALIGN (0x8)
                0x0000000010000800                PROVIDE (__global_pointer$ = (. + 0x800))
 *(.sdata .sdata.*)
 .sdata.to_incr_cmp
                0x0000000010000000        0x1 ./main.o
 *(.gnu.linkonce.s.*)
                0x0000000010000008                . = ALIGN (0x8)
 *fill*         0x0000000010000001        0x7 
 *(.srodata.cst16)
 *(.srodata.cst8)
 *(.srodata.cst4)
 *(.srodata.cst2)
 *(.srodata .srodata.*)
                0x0000000010000008                . = ALIGN (0x4)
                0x0000000010000008                PROVIDE (_edata = .)
                [!provide]                        PROVIDE (edata = .)
                [!provide]                        PROVIDE (_fbss = .)
                0x0000000010000008                PROVIDE (__bss_start = .)

.bss            0x0000000010000008       0x30
 *(.sbss*)
 .sbss.gpio0    0x0000000010000008        0x8 ./main.o
 .sbss.uart0    0x0000000010000010        0x8 ./main.o
 .sbss.plic     0x0000000010000018        0x4 ./main.o
 .sbss.timer0_period_elapsed
                0x000000001000001c        0x1 ./main.o
 .sbss.led_on   0x000000001000001d        0x1 ./main.o
 *fill*         0x000000001000001e        0x2 
 .sbss.now_cmp  0x0000000010000020        0x4 ./main.o
 *(.gnu.linkonce.sb.*)
 *(.bss .bss.*)
 .bss.timer0    0x0000000010000024       0x10 ./main.o
 *(.gnu.linkonce.b.*)
 *(COMMON)
 COMMON         0x0000000010000034        0x4 ./bsp/xprintf.o
                0x0000000010000034                xfunc_out
                0x0000000010000038                . = ALIGN (0x4)
                0x0000000010000038                . = ALIGN (0x8)
                0x0000000010000038                PROVIDE (_end = .)
                [!provide]                        PROVIDE (end = .)

.stack          0x0000000010006000     0x2000 load address 0x0000000010000038
                [!provide]                        PROVIDE (_heap_end = .)
                0x0000000000002000                . = __stack_size
 *fill*         0x0000000010006000     0x2000 
                0x0000000010008000                PROVIDE (_sp = .)
                0x0000000010008000                __freertos_irq_stack_top = .
OUTPUT(breathing_led.elf elf32-littleriscv)

.debug_info     0x0000000000000000     0x2b58
 .debug_info    0x0000000000000000      0x2b4 ./bsp/apb_gpio.o
 .debug_info    0x00000000000002b4      0x5bd ./bsp/apb_timer.o
 .debug_info    0x0000000000000871      0xcd2 ./bsp/apb_uart.o
 .debug_info    0x0000000000001543       0x82 ./bsp/init.o
 .debug_info    0x00000000000015c5      0x392 ./bsp/plic.o
 .debug_info    0x0000000000001957       0x26 ./bsp/start.o
 .debug_info    0x000000000000197d       0x26 ./bsp/trap_entry.o
 .debug_info    0x00000000000019a3       0xee ./bsp/trap_handler.o
 .debug_info    0x0000000000001a91      0x14e ./bsp/utils.o
 .debug_info    0x0000000000001bdf      0x1f8 ./bsp/xprintf.o
 .debug_info    0x0000000000001dd7      0xd81 ./main.o

.debug_abbrev   0x0000000000000000      0xa1f
 .debug_abbrev  0x0000000000000000       0xca ./bsp/apb_gpio.o
 .debug_abbrev  0x00000000000000ca      0x105 ./bsp/apb_timer.o
 .debug_abbrev  0x00000000000001cf      0x277 ./bsp/apb_uart.o
 .debug_abbrev  0x0000000000000446       0x45 ./bsp/init.o
 .debug_abbrev  0x000000000000048b       0xeb ./bsp/plic.o
 .debug_abbrev  0x0000000000000576       0x14 ./bsp/start.o
 .debug_abbrev  0x000000000000058a       0x14 ./bsp/trap_entry.o
 .debug_abbrev  0x000000000000059e       0x83 ./bsp/trap_handler.o
 .debug_abbrev  0x0000000000000621       0xa8 ./bsp/utils.o
 .debug_abbrev  0x00000000000006c9      0x116 ./bsp/xprintf.o
 .debug_abbrev  0x00000000000007df      0x240 ./main.o

.debug_aranges  0x0000000000000000      0x2c0
 .debug_aranges
                0x0000000000000000       0x58 ./bsp/apb_gpio.o
 .debug_aranges
                0x0000000000000058       0xa0 ./bsp/apb_timer.o
 .debug_aranges
                0x00000000000000f8       0x58 ./bsp/apb_uart.o
 .debug_aranges
                0x0000000000000150       0x20 ./bsp/init.o
 .debug_aranges
                0x0000000000000170       0x50 ./bsp/plic.o
 .debug_aranges
                0x00000000000001c0       0x20 ./bsp/start.o
 .debug_aranges
                0x00000000000001e0       0x20 ./bsp/trap_entry.o
 .debug_aranges
                0x0000000000000200       0x28 ./bsp/trap_handler.o
 .debug_aranges
                0x0000000000000228       0x28 ./bsp/utils.o
 .debug_aranges
                0x0000000000000250       0x38 ./bsp/xprintf.o
 .debug_aranges
                0x0000000000000288       0x38 ./main.o

.debug_ranges   0x0000000000000000      0x1f0
 .debug_ranges  0x0000000000000000       0x48 ./bsp/apb_gpio.o
 .debug_ranges  0x0000000000000048       0x90 ./bsp/apb_timer.o
 .debug_ranges  0x00000000000000d8       0x48 ./bsp/apb_uart.o
 .debug_ranges  0x0000000000000120       0x10 ./bsp/init.o
 .debug_ranges  0x0000000000000130       0x40 ./bsp/plic.o
 .debug_ranges  0x0000000000000170       0x18 ./bsp/trap_handler.o
 .debug_ranges  0x0000000000000188       0x18 ./bsp/utils.o
 .debug_ranges  0x00000000000001a0       0x28 ./bsp/xprintf.o
 .debug_ranges  0x00000000000001c8       0x28 ./main.o

.debug_macro    0x0000000000000000     0x1fba
 .debug_macro   0x0000000000000000       0x63 ./bsp/apb_gpio.o
 .debug_macro   0x0000000000000063      0x742 ./bsp/apb_gpio.o
 .debug_macro   0x00000000000007a5       0x22 ./bsp/apb_gpio.o
 .debug_macro   0x00000000000007c7       0x8e ./bsp/apb_gpio.o
 .debug_macro   0x0000000000000855       0x51 ./bsp/apb_gpio.o
 .debug_macro   0x00000000000008a6       0xef ./bsp/apb_gpio.o
 .debug_macro   0x0000000000000995       0x6a ./bsp/apb_gpio.o
 .debug_macro   0x00000000000009ff      0x1df ./bsp/apb_gpio.o
 .debug_macro   0x0000000000000bde       0x6e ./bsp/apb_timer.o
 .debug_macro   0x0000000000000c4c       0xac ./bsp/apb_timer.o
 .debug_macro   0x0000000000000cf8      0x1e8 ./bsp/apb_uart.o
 .debug_macro   0x0000000000000ee0       0x58 ./bsp/apb_uart.o
 .debug_macro   0x0000000000000f38       0x58 ./bsp/apb_uart.o
 .debug_macro   0x0000000000000f90       0x19 ./bsp/apb_uart.o
 .debug_macro   0x0000000000000fa9       0x34 ./bsp/apb_uart.o
 .debug_macro   0x0000000000000fdd       0x34 ./bsp/apb_uart.o
 .debug_macro   0x0000000000001011      0x174 ./bsp/apb_uart.o
 .debug_macro   0x0000000000001185       0x58 ./bsp/apb_uart.o
 .debug_macro   0x00000000000011dd       0x1f ./bsp/apb_uart.o
 .debug_macro   0x00000000000011fc       0x43 ./bsp/apb_uart.o
 .debug_macro   0x000000000000123f       0x20 ./bsp/apb_uart.o
 .debug_macro   0x000000000000125f      0x18e ./bsp/apb_uart.o
 .debug_macro   0x00000000000013ed      0x330 ./bsp/apb_uart.o
 .debug_macro   0x000000000000171d       0x10 ./bsp/apb_uart.o
 .debug_macro   0x000000000000172d       0x35 ./bsp/apb_uart.o
 .debug_macro   0x0000000000001762       0x1c ./bsp/apb_uart.o
 .debug_macro   0x000000000000177e       0x10 ./bsp/apb_uart.o
 .debug_macro   0x000000000000178e       0x1c ./bsp/apb_uart.o
 .debug_macro   0x00000000000017aa       0x52 ./bsp/apb_uart.o
 .debug_macro   0x00000000000017fc       0x40 ./bsp/apb_uart.o
 .debug_macro   0x000000000000183c       0x10 ./bsp/apb_uart.o
 .debug_macro   0x000000000000184c       0x40 ./bsp/apb_uart.o
 .debug_macro   0x000000000000188c       0xd7 ./bsp/apb_uart.o
 .debug_macro   0x0000000000001963       0x1c ./bsp/apb_uart.o
 .debug_macro   0x000000000000197f       0x3d ./bsp/apb_uart.o
 .debug_macro   0x00000000000019bc       0x16 ./bsp/apb_uart.o
 .debug_macro   0x00000000000019d2      0x16f ./bsp/apb_uart.o
 .debug_macro   0x0000000000001b41       0x28 ./bsp/apb_uart.o
 .debug_macro   0x0000000000001b69       0x62 ./bsp/init.o
 .debug_macro   0x0000000000001bcb       0x9c ./bsp/plic.o
 .debug_macro   0x0000000000001c67       0x6b ./bsp/trap_handler.o
 .debug_macro   0x0000000000001cd2       0x62 ./bsp/utils.o
 .debug_macro   0x0000000000001d34       0x23 ./bsp/xprintf.o
 .debug_macro   0x0000000000001d57       0x16 ./bsp/xprintf.o
 .debug_macro   0x0000000000001d6d      0x24d ./main.o

.debug_line     0x0000000000000000     0x2a51
 .debug_line    0x0000000000000000      0x342 ./bsp/apb_gpio.o
 .debug_line    0x0000000000000342      0x745 ./bsp/apb_timer.o
 .debug_line    0x0000000000000a87      0x700 ./bsp/apb_uart.o
 .debug_line    0x0000000000001187      0x1e7 ./bsp/init.o
 .debug_line    0x000000000000136e      0x435 ./bsp/plic.o
 .debug_line    0x00000000000017a3       0xb1 ./bsp/start.o
 .debug_line    0x0000000000001854      0x1f8 ./bsp/trap_entry.o
 .debug_line    0x0000000000001a4c      0x20e ./bsp/trap_handler.o
 .debug_line    0x0000000000001c5a      0x26a ./bsp/utils.o
 .debug_line    0x0000000000001ec4      0x5e7 ./bsp/xprintf.o
 .debug_line    0x00000000000024ab      0x5a6 ./main.o

.debug_str      0x0000000000000000     0x8282
 .debug_str     0x0000000000000000     0x332f ./bsp/apb_gpio.o
                                       0x34b3 (size before relaxing)
 .debug_str     0x000000000000332f      0x5a5 ./bsp/apb_timer.o
                                       0x3979 (size before relaxing)
 .debug_str     0x00000000000038d4     0x4349 ./bsp/apb_uart.o
                                       0x780c (size before relaxing)
 .debug_str     0x0000000000007c1d      0x164 ./bsp/init.o
                                       0x34c8 (size before relaxing)
 .debug_str     0x0000000000007d81      0x1ec ./bsp/plic.o
                                       0x36e0 (size before relaxing)
 .debug_str     0x0000000000007f6d       0x1b ./bsp/start.o
                                         0x44 (size before relaxing)
 .debug_str     0x0000000000007f88       0x14 ./bsp/trap_entry.o
                                         0x49 (size before relaxing)
 .debug_str     0x0000000000007f9c       0xb9 ./bsp/trap_handler.o
                                       0x3431 (size before relaxing)
 .debug_str     0x0000000000008055       0x48 ./bsp/utils.o
                                       0x3522 (size before relaxing)
 .debug_str     0x000000000000809d       0x91 ./bsp/xprintf.o
                                       0x2692 (size before relaxing)
 .debug_str     0x000000000000812e      0x154 ./main.o
                                       0x7e4d (size before relaxing)

.comment        0x0000000000000000       0x39
 .comment       0x0000000000000000       0x39 ./bsp/apb_gpio.o
                                         0x3a (size before relaxing)
 .comment       0x0000000000000039       0x3a ./bsp/apb_timer.o
 .comment       0x0000000000000039       0x3a ./bsp/apb_uart.o
 .comment       0x0000000000000039       0x3a ./bsp/init.o
 .comment       0x0000000000000039       0x3a ./bsp/plic.o
 .comment       0x0000000000000039       0x3a ./bsp/trap_handler.o
 .comment       0x0000000000000039       0x3a ./bsp/utils.o
 .comment       0x0000000000000039       0x3a ./bsp/xprintf.o
 .comment       0x0000000000000039       0x3a ./main.o

.debug_frame    0x0000000000000000      0x768
 .debug_frame   0x0000000000000000      0x110 ./bsp/apb_gpio.o
 .debug_frame   0x0000000000000110      0x234 ./bsp/apb_timer.o
 .debug_frame   0x0000000000000344      0x118 ./bsp/apb_uart.o
 .debug_frame   0x000000000000045c       0x30 ./bsp/init.o
 .debug_frame   0x000000000000048c       0xf0 ./bsp/plic.o
 .debug_frame   0x000000000000057c       0x50 ./bsp/trap_handler.o
 .debug_frame   0x00000000000005cc       0x5c ./bsp/utils.o
 .debug_frame   0x0000000000000628       0xa8 ./bsp/xprintf.o
 .debug_frame   0x00000000000006d0       0x98 ./main.o
