Archive member included to satisfy reference by file (symbol)

d:/gnu-mcu-eclipse-riscv-none-gcc-8.2.0-2.2-20190521-0004-win64/bin/../lib/gcc/riscv-none-embed/8.2.0/rv32im/ilp32\libgcc.a(divdf3.o)
                              ./core_portme.o (__divdf3)
d:/gnu-mcu-eclipse-riscv-none-gcc-8.2.0-2.2-20190521-0004-win64/bin/../lib/gcc/riscv-none-embed/8.2.0/rv32im/ilp32\libgcc.a(fixunsdfsi.o)
                              ./core_portme.o (__fixunsdfsi)
d:/gnu-mcu-eclipse-riscv-none-gcc-8.2.0-2.2-20190521-0004-win64/bin/../lib/gcc/riscv-none-embed/8.2.0/rv32im/ilp32\libgcc.a(floatunsidf.o)
                              ./core_portme.o (__floatunsidf)
d:/gnu-mcu-eclipse-riscv-none-gcc-8.2.0-2.2-20190521-0004-win64/bin/../lib/gcc/riscv-none-embed/8.2.0/rv32im/ilp32\libgcc.a(_clzsi2.o)
                              d:/gnu-mcu-eclipse-riscv-none-gcc-8.2.0-2.2-20190521-0004-win64/bin/../lib/gcc/riscv-none-embed/8.2.0/rv32im/ilp32\libgcc.a(divdf3.o) (__clzsi2)
d:/gnu-mcu-eclipse-riscv-none-gcc-8.2.0-2.2-20190521-0004-win64/bin/../lib/gcc/riscv-none-embed/8.2.0/rv32im/ilp32\libgcc.a(_clz.o)
                              d:/gnu-mcu-eclipse-riscv-none-gcc-8.2.0-2.2-20190521-0004-win64/bin/../lib/gcc/riscv-none-embed/8.2.0/rv32im/ilp32\libgcc.a(_clzsi2.o) (__clz_tab)
d:/gnu-mcu-eclipse-riscv-none-gcc-8.2.0-2.2-20190521-0004-win64/bin/../lib/gcc/riscv-none-embed/8.2.0/../../../../riscv-none-embed/lib/rv32im/ilp32\libg.a(lib_a-vsnprintf.o)
                              ./bsp/apb_uart.o (vsnprintf)
d:/gnu-mcu-eclipse-riscv-none-gcc-8.2.0-2.2-20190521-0004-win64/bin/../lib/gcc/riscv-none-embed/8.2.0/../../../../riscv-none-embed/lib/rv32im/ilp32\libg.a(lib_a-impure.o)
                              d:/gnu-mcu-eclipse-riscv-none-gcc-8.2.0-2.2-20190521-0004-win64/bin/../lib/gcc/riscv-none-embed/8.2.0/../../../../riscv-none-embed/lib/rv32im/ilp32\libg.a(lib_a-vsnprintf.o) (_impure_ptr)
d:/gnu-mcu-eclipse-riscv-none-gcc-8.2.0-2.2-20190521-0004-win64/bin/../lib/gcc/riscv-none-embed/8.2.0/../../../../riscv-none-embed/lib/rv32im/ilp32\libg.a(lib_a-svfprintf.o)
                              d:/gnu-mcu-eclipse-riscv-none-gcc-8.2.0-2.2-20190521-0004-win64/bin/../lib/gcc/riscv-none-embed/8.2.0/../../../../riscv-none-embed/lib/rv32im/ilp32\libg.a(lib_a-vsnprintf.o) (_svfprintf_r)
d:/gnu-mcu-eclipse-riscv-none-gcc-8.2.0-2.2-20190521-0004-win64/bin/../lib/gcc/riscv-none-embed/8.2.0/../../../../riscv-none-embed/lib/rv32im/ilp32\libg.a(lib_a-freer.o)
                              d:/gnu-mcu-eclipse-riscv-none-gcc-8.2.0-2.2-20190521-0004-win64/bin/../lib/gcc/riscv-none-embed/8.2.0/../../../../riscv-none-embed/lib/rv32im/ilp32\libg.a(lib_a-svfprintf.o) (_free_r)
d:/gnu-mcu-eclipse-riscv-none-gcc-8.2.0-2.2-20190521-0004-win64/bin/../lib/gcc/riscv-none-embed/8.2.0/../../../../riscv-none-embed/lib/rv32im/ilp32\libg.a(lib_a-ldtoa.o)
                              d:/gnu-mcu-eclipse-riscv-none-gcc-8.2.0-2.2-20190521-0004-win64/bin/../lib/gcc/riscv-none-embed/8.2.0/../../../../riscv-none-embed/lib/rv32im/ilp32\libg.a(lib_a-svfprintf.o) (_ldtoa_r)
d:/gnu-mcu-eclipse-riscv-none-gcc-8.2.0-2.2-20190521-0004-win64/bin/../lib/gcc/riscv-none-embed/8.2.0/../../../../riscv-none-embed/lib/rv32im/ilp32\libg.a(lib_a-localeconv.o)
                              d:/gnu-mcu-eclipse-riscv-none-gcc-8.2.0-2.2-20190521-0004-win64/bin/../lib/gcc/riscv-none-embed/8.2.0/../../../../riscv-none-embed/lib/rv32im/ilp32\libg.a(lib_a-svfprintf.o) (_localeconv_r)
d:/gnu-mcu-eclipse-riscv-none-gcc-8.2.0-2.2-20190521-0004-win64/bin/../lib/gcc/riscv-none-embed/8.2.0/../../../../riscv-none-embed/lib/rv32im/ilp32\libg.a(lib_a-mallocr.o)
                              d:/gnu-mcu-eclipse-riscv-none-gcc-8.2.0-2.2-20190521-0004-win64/bin/../lib/gcc/riscv-none-embed/8.2.0/../../../../riscv-none-embed/lib/rv32im/ilp32\libg.a(lib_a-svfprintf.o) (_malloc_r)
d:/gnu-mcu-eclipse-riscv-none-gcc-8.2.0-2.2-20190521-0004-win64/bin/../lib/gcc/riscv-none-embed/8.2.0/../../../../riscv-none-embed/lib/rv32im/ilp32\libg.a(lib_a-memchr.o)
                              d:/gnu-mcu-eclipse-riscv-none-gcc-8.2.0-2.2-20190521-0004-win64/bin/../lib/gcc/riscv-none-embed/8.2.0/../../../../riscv-none-embed/lib/rv32im/ilp32\libg.a(lib_a-svfprintf.o) (memchr)
d:/gnu-mcu-eclipse-riscv-none-gcc-8.2.0-2.2-20190521-0004-win64/bin/../lib/gcc/riscv-none-embed/8.2.0/../../../../riscv-none-embed/lib/rv32im/ilp32\libg.a(lib_a-mlock.o)
                              d:/gnu-mcu-eclipse-riscv-none-gcc-8.2.0-2.2-20190521-0004-win64/bin/../lib/gcc/riscv-none-embed/8.2.0/../../../../riscv-none-embed/lib/rv32im/ilp32\libg.a(lib_a-freer.o) (__malloc_lock)
d:/gnu-mcu-eclipse-riscv-none-gcc-8.2.0-2.2-20190521-0004-win64/bin/../lib/gcc/riscv-none-embed/8.2.0/../../../../riscv-none-embed/lib/rv32im/ilp32\libg.a(lib_a-mprec.o)
                              d:/gnu-mcu-eclipse-riscv-none-gcc-8.2.0-2.2-20190521-0004-win64/bin/../lib/gcc/riscv-none-embed/8.2.0/../../../../riscv-none-embed/lib/rv32im/ilp32\libg.a(lib_a-ldtoa.o) (_Balloc)
[...]
Memory Configuration

Name             Origin             Length             Attributes
flash            0x0000000000000800 0x0000000000007800 axw !rl
ram              0x0000000010000000 0x0000000000008000 axw !rl
*default*        0x0000000000000000 0xffffffffffffffff

Linker script and memory map

LOAD ./bsp/apb_gpio.o
LOAD ./bsp/apb_i2c.o
LOAD ./bsp/apb_timer.o
LOAD ./bsp/apb_uart.o
LOAD ./bsp/clint.o
LOAD ./bsp/init.o
LOAD ./bsp/plic.o
LOAD ./bsp/start.o
LOAD ./bsp/trap_entry.o
LOAD ./bsp/trap_handler.o
LOAD ./bsp/utils.o
LOAD ./bsp/xprintf.o
LOAD ./core_list_join.o
LOAD ./core_main.o
LOAD ./core_matrix.o
LOAD ./core_portme.o
LOAD ./core_state.o
LOAD ./core_util.o
LOAD d:/gnu-mcu-eclipse-riscv-none-gcc-8.2.0-2.2-20190521-0004-win64/bin/../lib/gcc/riscv-none-embed/8.2.0/rv32im/ilp32\libgcc.a
START GROUP
LOAD d:/gnu-mcu-eclipse-riscv-none-gcc-8.2.0-2.2-20190521-0004-win64/bin/../lib/gcc/riscv-none-embed/8.2.0/rv32im/ilp32\libgcc.a
LOAD d:/gnu-mcu-eclipse-riscv-none-gcc-8.2.0-2.2-20190521-0004-win64/bin/../lib/gcc/riscv-none-embed/8.2.0/../../../../riscv-none-embed/lib/rv32im/ilp32\libg.a
LOAD d:/gnu-mcu-eclipse-riscv-none-gcc-8.2.0-2.2-20190521-0004-win64/bin/../lib/gcc/riscv-none-embed/8.2.0/../../../../riscv-none-embed/lib/rv32im/ilp32\libc.a
END GROUP
LOAD d:/gnu-mcu-eclipse-riscv-none-gcc-8.2.0-2.2-20190521-0004-win64/bin/../lib/gcc/riscv-none-embed/8.2.0/rv32im/ilp32\libgcc.a
                0x0000000000002000                __stack_size = DEFINED (__stack_size)?__stack_size:0x2000

.init           0x0000000000000800       0x60
 *(SORT_NONE(.init))
 .init          0x0000000000000800       0x60 ./bsp/start.o
                0x0000000000000800                _start

.text           0x0000000000000860     0x6700
 *(.text.unlikely .text.unlikely.*)
 *(.text.startup .text.startup.*)
 .text.startup.main
                0x0000000000000860      0x5d0 ./core_main.o
                0x0000000000000860                main
 *(.text .text.*)
 .text.apb_uart_init
                0x0000000000000e30        0xc ./bsp/apb_uart.o
                0x0000000000000e30                apb_uart_init
 .text.apb_uart_send_byte
                0x0000000000000e3c       0x40 ./bsp/apb_uart.o
                0x0000000000000e3c                apb_uart_send_byte
 .text.pre_init
                0x0000000000000e7c       0x2c ./bsp/init.o
                0x0000000000000e7c                pre_init
 .text.entry    0x0000000000000ea8      0x128 ./bsp/trap_entry.o
                0x0000000000000ea8                trap_entry
 .text.trap_handler
                0x0000000000000fd0       0x38 ./bsp/trap_handler.o
                0x0000000000000fd0                trap_handler
 .text.serr_handler
                0x0000000000001008        0x4 ./bsp/trap_handler.o
                0x0000000000001008                serr_handler
 .text.get_cycle_value
                0x000000000000100c        0xc ./bsp/utils.o
                0x000000000000100c                get_cycle_value
 .text.xprintf  0x0000000000001018     0x17e0 ./bsp/xprintf.o
                0x0000000000001018                xprintf
 .text.core_bench_list
                0x00000000000027f8      0x84c ./core_list_join.o
                0x00000000000027f8                core_bench_list
 .text.core_list_init
                0x0000000000003044      0x574 ./core_list_join.o
                0x0000000000003044                core_list_init
 .text.iterate  0x00000000000035b8      0x240 ./core_main.o
                0x00000000000035b8                iterate
 .text.core_init_matrix
                0x00000000000037f8      0x368 ./core_matrix.o
                0x00000000000037f8                core_init_matrix
 .text.matrix_mul_matrix
                0x0000000000003b60      0x270 ./core_matrix.o
                0x0000000000003b60                matrix_mul_matrix
 .text.matrix_mul_matrix_bitextract
                0x0000000000003dd0      0x1f8 ./core_matrix.o
                0x0000000000003dd0                matrix_mul_matrix_bitextract
 .text.matrix_test
                0x0000000000003fc8     0x1370 ./core_matrix.o
                0x0000000000003fc8                matrix_test
 .text.core_bench_matrix
                0x0000000000005338       0x3c ./core_matrix.o
                0x0000000000005338                core_bench_matrix
 .text.uart_putc
                0x0000000000005374        0xc ./core_portme.o
 .text.start_time
                0x0000000000005380       0x20 ./core_portme.o
                0x0000000000005380                start_time
 .text.stop_time
                0x00000000000053a0       0x20 ./core_portme.o
                0x00000000000053a0                stop_time
 .text.get_time
                0x00000000000053c0       0x2c ./core_portme.o
                0x00000000000053c0                get_time
 .text.time_in_secs
                0x00000000000053ec       0x38 ./core_portme.o
                0x00000000000053ec                time_in_secs
 .text.portable_init
                0x0000000000005424       0x2c ./core_portme.o
                0x0000000000005424                portable_init
 .text.core_init_state
                0x0000000000005450      0x230 ./core_state.o
                0x0000000000005450                core_init_state
 .text.core_state_transition
                0x0000000000005680      0x330 ./core_state.o
                0x0000000000005680                core_state_transition
 .text.core_bench_state
                0x00000000000059b0      0x1e0 ./core_state.o
                0x00000000000059b0                core_bench_state
 .text.get_seed_32
                0x0000000000005b90       0x58 ./core_util.o
                0x0000000000005b90                get_seed_32
 .text.crcu16   0x0000000000005be8      0x280 ./core_util.o
                0x0000000000005be8                crcu16
 .text.crcu32   0x0000000000005e68      0x510 ./core_util.o
                0x0000000000005e68                crcu32
 .text.crc16    0x0000000000006378      0x288 ./core_util.o
                0x0000000000006378                crc16
 .text.check_data_types
                0x0000000000006600        0x8 ./core_util.o
                0x0000000000006600                check_data_types
 .text.__divdf3
                0x0000000000006608      0x79c d:/gnu-mcu-eclipse-riscv-none-gcc-8.2.0-2.2-20190521-0004-win64/bin/../lib/gcc/riscv-none-embed/8.2.0/rv32im/ilp32\libgcc.a(divdf3.o)
                0x0000000000006608                __divdf3
 .text.__fixunsdfsi
                0x0000000000006da4       0x78 d:/gnu-mcu-eclipse-riscv-none-gcc-8.2.0-2.2-20190521-0004-win64/bin/../lib/gcc/riscv-none-embed/8.2.0/rv32im/ilp32\libgcc.a(fixunsdfsi.o)
                0x0000000000006da4                __fixunsdfsi
 .text.__floatunsidf
                0x0000000000006e1c       0xb0 d:/gnu-mcu-eclipse-riscv-none-gcc-8.2.0-2.2-20190521-0004-win64/bin/../lib/gcc/riscv-none-embed/8.2.0/rv32im/ilp32\libgcc.a(floatunsidf.o)
                0x0000000000006e1c                __floatunsidf
 .text.__clzsi2
                0x0000000000006ecc       0x94 d:/gnu-mcu-eclipse-riscv-none-gcc-8.2.0-2.2-20190521-0004-win64/bin/../lib/gcc/riscv-none-embed/8.2.0/rv32im/ilp32\libgcc.a(_clzsi2.o)
                0x0000000000006ecc                __clzsi2
 *(.gnu.linkonce.t.*)

.rela.dyn       0x0000000000006f60        0x0
 .rela.init     0x0000000000006f60        0x0 ./bsp/apb_uart.o
 .rela.text.trap_handler
                0x0000000000006f60        0x0 ./bsp/apb_uart.o
                0x0000000000006f60                . = ALIGN (0x4)
                [!provide]                        PROVIDE (__etext = .)
                [!provide]                        PROVIDE (_etext = .)
                [!provide]                        PROVIDE (etext = .)

.preinit_array  0x0000000000006f60        0x0
                [!provide]                        PROVIDE (__preinit_array_start = .)
 *(.preinit_array)
                [!provide]                        PROVIDE (__preinit_array_end = .)

.init_array     0x0000000000006f60        0x0
                [!provide]                        PROVIDE (__init_array_start = .)
 *(SORT_BY_INIT_PRIORITY(.init_array.*) SORT_BY_INIT_PRIORITY(.ctors.*))
 *(.init_array EXCLUDE_FILE(*crtend?.o *crtend.o *crtbegin?.o *crtbegin.o) .ctors)
                [!provide]                        PROVIDE (__init_array_end = .)

.fini_array     0x0000000000006f60        0x0
                [!provide]                        PROVIDE (__fini_array_start = .)
 *(SORT_BY_INIT_PRIORITY(.fini_array.*) SORT_BY_INIT_PRIORITY(.dtors.*))
 *(.fini_array EXCLUDE_FILE(*crtend?.o *crtend.o *crtbegin?.o *crtbegin.o) .dtors)
                [!provide]                        PROVIDE (__fini_array_end = .)

.ctors
 *crtbegin.o(.ctors)
 *crtbegin?.o(.ctors)
 *(EXCLUDE_FILE(*crtend?.o *crtend.o) .ctors)
 *(SORT_BY_NAME(.ctors.*))
 *(.ctors)

.dtors
 *crtbegin.o(.dtors)
 *crtbegin?.o(.dtors)
 *(EXCLUDE_FILE(*crtend?.o *crtend.o) .dtors)
 *(SORT_BY_NAME(.dtors.*))
 *(.dtors)

.lalign         0x0000000000006f60        0x0
                0x0000000000006f60                . = ALIGN (0x4)
                0x0000000000006f60                PROVIDE (_data_lma = .)

.dalign         0x0000000010000000        0x0 load address 0x0000000000006f60
                0x0000000010000000                . = ALIGN (0x4)
                0x0000000010000000                PROVIDE (_data = .)

.data           0x0000000010000000      0x788 load address 0x0000000000006f60
 *(.rdata)
 *(.rodata .rodata.*)
 .rodata.xprintf
                0x0000000010000000       0x5c ./bsp/xprintf.o
 .rodata.list_known_crc
                0x000000001000005c        0xa ./core_main.o
 *fill*         0x0000000010000066        0x2 
 .rodata.main.str1.4
                0x0000000010000068      0x494 ./core_main.o
 .rodata.matrix_known_crc
                0x00000000100004fc        0xa ./core_main.o
 *fill*         0x0000000010000506        0x2 
 .rodata.state_known_crc
                0x0000000010000508        0xa ./core_main.o
 *fill*         0x0000000010000512        0x6 
 .rodata.time_in_secs.cst8
                0x0000000010000518        0x8 ./core_portme.o
 .rodata.core_init_state
                0x0000000010000520       0x14 ./core_state.o
 .rodata.errpat
                0x0000000010000534       0x10 ./core_state.o
 .rodata.floatpat
                0x0000000010000544       0x10 ./core_state.o
 .rodata.intpat
                0x0000000010000554       0x10 ./core_state.o
 .rodata.scipat
                0x0000000010000564       0x10 ./core_state.o
 .rodata.str1.4
                0x0000000010000574       0xb0 ./core_state.o
                                         0xad (size before relaxing)
 .rodata.get_seed_32
                0x0000000010000624       0x18 ./core_util.o
 .rodata.__divdf3
                0x000000001000063c       0x40 d:/gnu-mcu-eclipse-riscv-none-gcc-8.2.0-2.2-20190521-0004-win64/bin/../lib/gcc/riscv-none-embed/8.2.0/rv32im/ilp32\libgcc.a(divdf3.o)
 .rodata.__clz_tab
                0x000000001000067c      0x100 d:/gnu-mcu-eclipse-riscv-none-gcc-8.2.0-2.2-20190521-0004-win64/bin/../lib/gcc/riscv-none-embed/8.2.0/rv32im/ilp32\libgcc.a(_clz.o)
                0x000000001000067c                __clz_tab
 *(.gnu.linkonce.r.*)
 *(.data .data.*)
 *(.gnu.linkonce.d.*)
                0x0000000010000780                . = ALIGN (0x8)
 *fill*         0x000000001000077c        0x4 
                0x0000000010000f80                PROVIDE (__global_pointer$ = (. + 0x800))
 *(.sdata .sdata.*)
 .sdata.seed3_volatile
                0x0000000010000780        0x4 ./core_portme.o
                0x0000000010000780                seed3_volatile
 .sdata.seed4_volatile
                0x0000000010000784        0x4 ./core_portme.o
                0x0000000010000784                seed4_volatile
 *(.gnu.linkonce.s.*)
                0x0000000010000788                . = ALIGN (0x8)
 *(.srodata.cst16)
 *(.srodata.cst8)
 *(.srodata.cst4)
 *(.srodata.cst2)
 *(.srodata .srodata.*)
                0x0000000010000788                . = ALIGN (0x4)
                0x0000000010000788                PROVIDE (_edata = .)
                [!provide]                        PROVIDE (edata = .)
                [!provide]                        PROVIDE (_fbss = .)
                0x0000000010000788                PROVIDE (__bss_start = .)

.bss            0x0000000010000788      0x800
 *(.sbss*)
 .sbss.outptr   0x0000000010000788        0x4 ./bsp/xprintf.o
 .sbss.xfunc_out
                0x000000001000078c        0x4 ./bsp/xprintf.o
                0x000000001000078c                xfunc_out
 .sbss.seed1_volatile
                0x0000000010000790        0x4 ./core_portme.o
                0x0000000010000790                seed1_volatile
 .sbss.seed2_volatile
                0x0000000010000794        0x4 ./core_portme.o
                0x0000000010000794                seed2_volatile
 .sbss.seed5_volatile
                0x0000000010000798        0x4 ./core_portme.o
                0x0000000010000798                seed5_volatile
 *fill*         0x000000001000079c        0x4 
 .sbss.t0       0x00000000100007a0        0x8 ./core_portme.o
 .sbss.t1       0x00000000100007a8        0x8 ./core_portme.o
 .sbss.uart0    0x00000000100007b0        0x8 ./core_portme.o
 *(.gnu.linkonce.sb.*)
 *(.bss .bss.*)
 .bss.static_memblk
                0x00000000100007b8      0x7d0 ./core_main.o
                0x00000000100007b8                static_memblk
 *(.gnu.linkonce.b.*)
 *(COMMON)
                0x0000000010000f88                . = ALIGN (0x4)
                0x0000000010000f88                . = ALIGN (0x8)
                0x0000000010000f88                PROVIDE (_end = .)
                [!provide]                        PROVIDE (end = .)

.stack          0x0000000010006000     0x2000 load address 0x0000000010000f88
                [!provide]                        PROVIDE (_heap_end = .)
                0x0000000000002000                . = __stack_size
 *fill*         0x0000000010006000     0x2000 
                0x0000000010008000                PROVIDE (_sp = .)
                0x0000000010008000                __freertos_irq_stack_top = .
OUTPUT(coremark.elf elf32-littleriscv)

.debug_info     0x0000000000000000     0x84e0
 .debug_info    0x0000000000000000      0xd6e ./bsp/apb_uart.o
 .debug_info    0x0000000000000d6e       0x82 ./bsp/init.o
 .debug_info    0x0000000000000df0       0x26 ./bsp/start.o
 .debug_info    0x0000000000000e16       0x26 ./bsp/trap_entry.o
 .debug_info    0x0000000000000e3c      0x131 ./bsp/trap_handler.o
 .debug_info    0x0000000000000f6d      0x225 ./bsp/utils.o
 .debug_info    0x0000000000001192      0x84e ./bsp/xprintf.o
 .debug_info    0x00000000000019e0     0x1a48 ./core_list_join.o
 .debug_info    0x0000000000003428     0x1468 ./core_main.o
 .debug_info    0x0000000000004890     0x13b1 ./core_matrix.o
 .debug_info    0x0000000000005c41      0xc53 ./core_portme.o
 .debug_info    0x0000000000006894      0xdc5 ./core_state.o
 .debug_info    0x0000000000007659      0xe87 ./core_util.o

.debug_abbrev   0x0000000000000000     0x1b29
 .debug_abbrev  0x0000000000000000      0x309 ./bsp/apb_uart.o
 .debug_abbrev  0x0000000000000309       0x45 ./bsp/init.o
 .debug_abbrev  0x000000000000034e       0x14 ./bsp/start.o
 .debug_abbrev  0x0000000000000362       0x14 ./bsp/trap_entry.o
 .debug_abbrev  0x0000000000000376       0x9b ./bsp/trap_handler.o
 .debug_abbrev  0x0000000000000411      0x143 ./bsp/utils.o
 .debug_abbrev  0x0000000000000554      0x204 ./bsp/xprintf.o
 .debug_abbrev  0x0000000000000758      0x3e4 ./core_list_join.o
 .debug_abbrev  0x0000000000000b3c      0x2ae ./core_main.o
 .debug_abbrev  0x0000000000000dea      0x3cf ./core_matrix.o
 .debug_abbrev  0x00000000000011b9      0x2fa ./core_portme.o
 .debug_abbrev  0x00000000000014b3      0x355 ./core_state.o
 .debug_abbrev  0x0000000000001808      0x321 ./core_util.o

.debug_loc      0x0000000000000000     0x9e2e
 .debug_loc     0x0000000000000000      0x300 ./bsp/apb_uart.o
 .debug_loc     0x0000000000000300       0xa6 ./bsp/trap_handler.o
 .debug_loc     0x00000000000003a6       0x70 ./bsp/utils.o
 .debug_loc     0x0000000000000416     0x17ff ./bsp/xprintf.o
 .debug_loc     0x0000000000001c15     0x3412 ./core_list_join.o
 .debug_loc     0x0000000000005027      0x610 ./core_main.o
 .debug_loc     0x0000000000005637     0x23ed ./core_matrix.o
 .debug_loc     0x0000000000007a24       0xac ./core_portme.o
 .debug_loc     0x0000000000007ad0      0xb88 ./core_state.o
 .debug_loc     0x0000000000008658     0x17d6 ./core_util.o

.debug_aranges  0x0000000000000000      0x2f8
 .debug_aranges
                0x0000000000000000       0x58 ./bsp/apb_uart.o
 .debug_aranges
                0x0000000000000058       0x20 ./bsp/init.o
 .debug_aranges
                0x0000000000000078       0x20 ./bsp/start.o
 .debug_aranges
                0x0000000000000098       0x20 ./bsp/trap_entry.o
 .debug_aranges
                0x00000000000000b8       0x28 ./bsp/trap_handler.o
 .debug_aranges
                0x00000000000000e0       0x28 ./bsp/utils.o
 .debug_aranges
                0x0000000000000108       0x30 ./bsp/xprintf.o
 .debug_aranges
                0x0000000000000138       0x78 ./core_list_join.o
 .debug_aranges
                0x00000000000001b0       0x28 ./core_main.o
 .debug_aranges
                0x00000000000001d8       0x60 ./core_matrix.o
 .debug_aranges
                0x0000000000000238       0x48 ./core_portme.o
 .debug_aranges
                0x0000000000000280       0x30 ./core_state.o
 .debug_aranges
                0x00000000000002b0       0x48 ./core_util.o

.debug_ranges   0x0000000000000000     0x13c8
 .debug_ranges  0x0000000000000000       0x70 ./bsp/apb_uart.o
 .debug_ranges  0x0000000000000070       0x10 ./bsp/init.o
 .debug_ranges  0x0000000000000080       0x18 ./bsp/trap_handler.o
 .debug_ranges  0x0000000000000098       0x18 ./bsp/utils.o
 .debug_ranges  0x00000000000000b0      0x910 ./bsp/xprintf.o
 .debug_ranges  0x00000000000009c0      0x570 ./core_list_join.o
 .debug_ranges  0x0000000000000f30       0x38 ./core_main.o
 .debug_ranges  0x0000000000000f68      0x180 ./core_matrix.o
 .debug_ranges  0x00000000000010e8       0x38 ./core_portme.o
 .debug_ranges  0x0000000000001120      0x138 ./core_state.o
 .debug_ranges  0x0000000000001258      0x170 ./core_util.o

.debug_macro    0x0000000000000000     0x2077
 .debug_macro   0x0000000000000000      0x1e8 ./bsp/apb_uart.o
 .debug_macro   0x00000000000001e8       0x58 ./bsp/apb_uart.o
 .debug_macro   0x0000000000000240       0x58 ./bsp/apb_uart.o
 .debug_macro   0x0000000000000298       0x19 ./bsp/apb_uart.o
 .debug_macro   0x00000000000002b1       0x34 ./bsp/apb_uart.o
 .debug_macro   0x00000000000002e5       0x34 ./bsp/apb_uart.o
 .debug_macro   0x0000000000000319      0x174 ./bsp/apb_uart.o
 .debug_macro   0x000000000000048d       0x58 ./bsp/apb_uart.o
 .debug_macro   0x00000000000004e5       0x1f ./bsp/apb_uart.o
 .debug_macro   0x0000000000000504       0x43 ./bsp/apb_uart.o
 .debug_macro   0x0000000000000547       0x20 ./bsp/apb_uart.o
 .debug_macro   0x0000000000000567      0x18e ./bsp/apb_uart.o
 .debug_macro   0x00000000000006f5      0x330 ./bsp/apb_uart.o
 .debug_macro   0x0000000000000a25       0x10 ./bsp/apb_uart.o
 .debug_macro   0x0000000000000a35       0x35 ./bsp/apb_uart.o
 .debug_macro   0x0000000000000a6a       0x1c ./bsp/apb_uart.o
 .debug_macro   0x0000000000000a86       0x10 ./bsp/apb_uart.o
 .debug_macro   0x0000000000000a96       0x1c ./bsp/apb_uart.o
 .debug_macro   0x0000000000000ab2       0x52 ./bsp/apb_uart.o
 .debug_macro   0x0000000000000b04       0x40 ./bsp/apb_uart.o
 .debug_macro   0x0000000000000b44       0x10 ./bsp/apb_uart.o
 .debug_macro   0x0000000000000b54       0x40 ./bsp/apb_uart.o
 .debug_macro   0x0000000000000b94       0xd7 ./bsp/apb_uart.o
 .debug_macro   0x0000000000000c6b       0x1c ./bsp/apb_uart.o
 .debug_macro   0x0000000000000c87       0x3d ./bsp/apb_uart.o
 .debug_macro   0x0000000000000cc4       0x16 ./bsp/apb_uart.o
 .debug_macro   0x0000000000000cda      0x16f ./bsp/apb_uart.o
 .debug_macro   0x0000000000000e49       0x28 ./bsp/apb_uart.o
 .debug_macro   0x0000000000000e71       0x62 ./bsp/init.o
 .debug_macro   0x0000000000000ed3       0x6b ./bsp/trap_handler.o
 .debug_macro   0x0000000000000f3e       0x62 ./bsp/utils.o
 .debug_macro   0x0000000000000fa0       0x23 ./bsp/xprintf.o
 .debug_macro   0x0000000000000fc3       0x16 ./bsp/xprintf.o
 .debug_macro   0x0000000000000fd9      0x1dd ./core_list_join.o
 .debug_macro   0x00000000000011b6       0x2e ./core_list_join.o
 .debug_macro   0x00000000000011e4       0x1c ./core_list_join.o
 .debug_macro   0x0000000000001200       0xa0 ./core_list_join.o
 .debug_macro   0x00000000000012a0       0x16 ./core_list_join.o
 .debug_macro   0x00000000000012b6       0x10 ./core_list_join.o
 .debug_macro   0x00000000000012c6       0x3a ./core_list_join.o
 .debug_macro   0x0000000000001300      0x1e3 ./core_main.o
 .debug_macro   0x00000000000014e3      0x1f5 ./core_matrix.o
 .debug_macro   0x00000000000016d8      0x25d ./core_portme.o
 .debug_macro   0x0000000000001935       0x52 ./core_portme.o
 .debug_macro   0x0000000000001987       0x94 ./core_portme.o
 .debug_macro   0x0000000000001a1b       0x57 ./core_portme.o
 .debug_macro   0x0000000000001a72       0x97 ./core_portme.o
 .debug_macro   0x0000000000001b09       0xfd ./core_portme.o
 .debug_macro   0x0000000000001c06       0x16 ./core_portme.o
 .debug_macro   0x0000000000001c1c       0x16 ./core_portme.o
 .debug_macro   0x0000000000001c32       0x29 ./core_portme.o
 .debug_macro   0x0000000000001c5b       0x4c ./core_portme.o
 .debug_macro   0x0000000000001ca7       0x16 ./core_portme.o
 .debug_macro   0x0000000000001cbd      0x1dd ./core_state.o
 .debug_macro   0x0000000000001e9a      0x1dd ./core_util.o

.debug_line     0x0000000000000000    0x1168b
 .debug_line    0x0000000000000000      0x932 ./bsp/apb_uart.o
 .debug_line    0x0000000000000932      0x224 ./bsp/init.o
 .debug_line    0x0000000000000b56       0xb1 ./bsp/start.o
 .debug_line    0x0000000000000c07      0x1f8 ./bsp/trap_entry.o
 .debug_line    0x0000000000000dff      0x20c ./bsp/trap_handler.o
 .debug_line    0x000000000000100b      0x36a ./bsp/utils.o
 .debug_line    0x0000000000001375     0x377f ./bsp/xprintf.o
 .debug_line    0x0000000000004af4     0x382a ./core_list_join.o
 .debug_line    0x000000000000831e     0x1142 ./core_main.o
 .debug_line    0x0000000000009460     0x4730 ./core_matrix.o
 .debug_line    0x000000000000db90      0x564 ./core_portme.o
 .debug_line    0x000000000000e0f4     0x1349 ./core_state.o
 .debug_line    0x000000000000f43d     0x224e ./core_util.o

.debug_str      0x0000000000000000     0x8597
 .debug_str     0x0000000000000000     0x7604 ./bsp/apb_uart.o
                                       0x78a3 (size before relaxing)
 .debug_str     0x0000000000007604      0x160 ./bsp/init.o
                                       0x3551 (size before relaxing)
 .debug_str     0x0000000000007764       0x1b ./bsp/start.o
                                         0x3f (size before relaxing)
 .debug_str     0x000000000000777f       0x14 ./bsp/trap_entry.o
                                         0x44 (size before relaxing)
 .debug_str     0x0000000000007793       0xe8 ./bsp/trap_handler.o
                                       0x34ed (size before relaxing)
 .debug_str     0x000000000000787b       0x48 ./bsp/utils.o
                                       0x35a5 (size before relaxing)
 .debug_str     0x00000000000078c3       0x89 ./bsp/xprintf.o
                                       0x271f (size before relaxing)
 .debug_str     0x000000000000794c      0x6c2 ./core_list_join.o
                                       0x7c73 (size before relaxing)
 .debug_str     0x000000000000800e      0x16f ./core_main.o
                                       0x7c15 (size before relaxing)
 .debug_str     0x000000000000817d      0x155 ./core_matrix.o
                                       0x7b3c (size before relaxing)
 .debug_str     0x00000000000082d2      0x189 ./core_portme.o
                                       0x7f01 (size before relaxing)
 .debug_str     0x000000000000845b      0x11a ./core_state.o
                                       0x7aee (size before relaxing)
 .debug_str     0x0000000000008575       0x22 ./core_util.o
                                       0x7a36 (size before relaxing)

.comment        0x0000000000000000       0x39
 .comment       0x0000000000000000       0x39 ./bsp/apb_uart.o
                                         0x3a (size before relaxing)
 .comment       0x0000000000000039       0x3a ./bsp/init.o
 .comment       0x0000000000000039       0x3a ./bsp/trap_handler.o
 .comment       0x0000000000000039       0x3a ./bsp/utils.o
 .comment       0x0000000000000039       0x3a ./bsp/xprintf.o
 .comment       0x0000000000000039       0x3a ./core_list_join.o
 .comment       0x0000000000000039       0x3a ./core_main.o
 .comment       0x0000000000000039       0x3a ./core_matrix.o
 .comment       0x0000000000000039       0x3a ./core_portme.o
 .comment       0x0000000000000039       0x3a ./core_state.o
 .comment       0x0000000000000039       0x3a ./core_util.o

.debug_frame    0x0000000000000000      0x820
 .debug_frame   0x0000000000000000       0xa4 ./bsp/apb_uart.o
 .debug_frame   0x00000000000000a4       0x20 ./bsp/init.o
 .debug_frame   0x00000000000000c4       0x30 ./bsp/trap_handler.o
 .debug_frame   0x00000000000000f4       0x30 ./bsp/utils.o
 .debug_frame   0x0000000000000124       0x9c ./bsp/xprintf.o
 .debug_frame   0x00000000000001c0      0x190 ./core_list_join.o
 .debug_frame   0x0000000000000350       0x80 ./core_main.o
 .debug_frame   0x00000000000003d0      0x1ec ./core_matrix.o
 .debug_frame   0x00000000000005bc       0xa0 ./core_portme.o
 .debug_frame   0x000000000000065c       0x8c ./core_state.o
 .debug_frame   0x00000000000006e8       0x70 ./core_util.o
 .debug_frame   0x0000000000000758       0x50 d:/gnu-mcu-eclipse-riscv-none-gcc-8.2.0-2.2-20190521-0004-win64/bin/../lib/gcc/riscv-none-embed/8.2.0/rv32im/ilp32\libgcc.a(divdf3.o)
 .debug_frame   0x00000000000007a8       0x20 d:/gnu-mcu-eclipse-riscv-none-gcc-8.2.0-2.2-20190521-0004-win64/bin/../lib/gcc/riscv-none-embed/8.2.0/rv32im/ilp32\libgcc.a(fixunsdfsi.o)
 .debug_frame   0x00000000000007c8       0x38 d:/gnu-mcu-eclipse-riscv-none-gcc-8.2.0-2.2-20190521-0004-win64/bin/../lib/gcc/riscv-none-embed/8.2.0/rv32im/ilp32\libgcc.a(floatunsidf.o)
 .debug_frame   0x0000000000000800       0x20 d:/gnu-mcu-eclipse-riscv-none-gcc-8.2.0-2.2-20190521-0004-win64/bin/../lib/gcc/riscv-none-embed/8.2.0/rv32im/ilp32\libgcc.a(_clzsi2.o)
